[0.062s] Invoking command in '/home/ubuntu/source/rccar_ws/build/car_urdf': /usr/bin/cmake /home/ubuntu/source/rccar_ws/src/car_urdf -DCATKIN_INSTALL_INTO_PREFIX_ROOT=0 -DCATKIN_SYMLINK_INSTALL=ON -DCMAKE_INSTALL_PREFIX=/home/ubuntu/source/rccar_ws/install/car_urdf
[0.255s] [0mCMake Deprecation Warning at CMakeLists.txt:1 (cmake_minimum_required):
[0.256s]   Compatibility with CMake < 3.5 will be removed from a future version of
[0.256s]   CMake.
[0.256s] 
[0.256s]   Update the VERSION argument <min> value or use a ...<max> suffix to tell
[0.256s]   CMake that the project does not need compatibility with older versions.
[0.256s] 
[0.257s] [0m
[0.555s] -- The C compiler identification is GNU 13.3.0
[0.783s] -- The CXX compiler identification is GNU 13.3.0
[0.834s] -- Detecting C compiler ABI info
[1.007s] -- Detecting C compiler ABI info - done
[1.020s] -- Check for working C compiler: /usr/bin/cc - skipped
[1.030s] -- Detecting C compile features
[1.031s] -- Detecting C compile features - done
[1.052s] -- Detecting CXX compiler ABI info
[1.212s] -- Detecting CXX compiler ABI info - done
[1.225s] -- Check for working CXX compiler: /usr/bin/c++ - skipped
[1.225s] -- Detecting CXX compile features
[1.226s] -- Detecting CXX compile features - done
[1.325s] [31mCMake Error at CMakeLists.txt:5 (find_package):
[1.325s]   By not providing "Findcatkin.cmake" in CMAKE_MODULE_PATH this project has
[1.326s]   asked CMake to find a package configuration file provided by "catkin", but
[1.326s]   CMake did not find one.
[1.326s] 
[1.326s]   Could not find a package configuration file provided by "catkin" with any
[1.326s]   of the following names:
[1.326s] 
[1.326s]     catkinConfig.cmake
[1.326s]     catkin-config.cmake
[1.326s] 
[1.326s]   Add the installation prefix of "catkin" to CMAKE_PREFIX_PATH or set
[1.326s]   "catkin_DIR" to a directory containing one of the above files.  If "catkin"
[1.326s]   provides a separate development package or SDK, be sure it has been
[1.327s]   installed.
[1.327s] 
[1.327s] [0m
[1.327s] -- Configuring incomplete, errors occurred!
