[0.037s] Invoking command in '/home/ubuntu/source/rccar_ws/build/rccar_lab': CMAKE_PREFIX_PATH=${CMAKE_PREFIX_PATH}:/opt/ros/jazzy /usr/bin/cmake --build /home/ubuntu/source/rccar_ws/build/rccar_lab -- -j22 -l22
[0.176s] Invoked command in '/home/ubuntu/source/rccar_ws/build/rccar_lab' returned '0': CMAKE_PREFIX_PATH=${CMAKE_PREFIX_PATH}:/opt/ros/jazzy /usr/bin/cmake --build /home/ubuntu/source/rccar_ws/build/rccar_lab -- -j22 -l22
[0.216s] Invoking command in '/home/ubuntu/source/rccar_ws/build/rccar_lab': CMAKE_PREFIX_PATH=${CMAKE_PREFIX_PATH}:/opt/ros/jazzy /usr/bin/cmake --install /home/ubuntu/source/rccar_ws/build/rccar_lab
[0.244s] -- Install configuration: ""
[0.246s] -- Execute custom install script
[0.248s] -- Up-to-date symlink: /home/ubuntu/source/rccar_ws/install/rccar_lab/share/rccar_lab/launch/launch_sim.launch.py
[0.249s] -- Up-to-date symlink: /home/ubuntu/source/rccar_ws/install/rccar_lab/share/rccar_lab/launch/rsp.launch.py
[0.250s] -- Symlinking: /home/ubuntu/source/rccar_ws/install/rccar_lab/share/rccar_lab/description/lidar.xacro
[0.283s] -- Up-to-date symlink: /home/ubuntu/source/rccar_ws/install/rccar_lab/share/rccar_lab/description/robot.urdf.xacro
[0.284s] -- Up-to-date symlink: /home/ubuntu/source/rccar_ws/install/rccar_lab/share/rccar_lab/description/robot_core.xacro
[0.284s] -- Up-to-date symlink: /home/ubuntu/source/rccar_ws/install/rccar_lab/share/rccar_lab/description/ros2_control.xacro
[0.285s] -- Up-to-date symlink: /home/ubuntu/source/rccar_ws/install/rccar_lab/share/rccar_lab/description/test_control.xacro
[0.285s] -- Up-to-date symlink: /home/ubuntu/source/rccar_ws/install/rccar_lab/share/rccar_lab/description/test_inertia.xacro
[0.285s] -- Up-to-date symlink: /home/ubuntu/source/rccar_ws/install/rccar_lab/share/rccar_lab/description/test_robot.xacro
[0.287s] -- Up-to-date symlink: /home/ubuntu/source/rccar_ws/install/rccar_lab/share/rccar_lab/config/my_controllers.yaml
[0.289s] -- Up-to-date symlink: /home/ubuntu/source/rccar_ws/install/rccar_lab/share/rccar_lab/car_urdf/CMakeLists.txt
[0.289s] -- Up-to-date symlink: /home/ubuntu/source/rccar_ws/install/rccar_lab/share/rccar_lab/car_urdf/config/joint_names_car_urdf3.yaml
[0.290s] -- Up-to-date symlink: /home/ubuntu/source/rccar_ws/install/rccar_lab/share/rccar_lab/car_urdf/export.log
[0.291s] -- Up-to-date symlink: /home/ubuntu/source/rccar_ws/install/rccar_lab/share/rccar_lab/car_urdf/launch/display.launch
[0.292s] -- Up-to-date symlink: /home/ubuntu/source/rccar_ws/install/rccar_lab/share/rccar_lab/car_urdf/launch/gazebo.launch
[0.293s] -- Up-to-date symlink: /home/ubuntu/source/rccar_ws/install/rccar_lab/share/rccar_lab/car_urdf/meshes/base_link.STL
[0.294s] -- Up-to-date symlink: /home/ubuntu/source/rccar_ws/install/rccar_lab/share/rccar_lab/car_urdf/meshes/battery_link.STL
[0.295s] -- Up-to-date symlink: /home/ubuntu/source/rccar_ws/install/rccar_lab/share/rccar_lab/car_urdf/meshes/bl_wheel_link.STL
[0.296s] -- Up-to-date symlink: /home/ubuntu/source/rccar_ws/install/rccar_lab/share/rccar_lab/car_urdf/meshes/br_wheel_link.STL
[0.298s] -- Up-to-date symlink: /home/ubuntu/source/rccar_ws/install/rccar_lab/share/rccar_lab/car_urdf/meshes/ebox_link.STL
[0.299s] -- Up-to-date symlink: /home/ubuntu/source/rccar_ws/install/rccar_lab/share/rccar_lab/car_urdf/meshes/fl_wheel_link.STL
[0.300s] -- Up-to-date symlink: /home/ubuntu/source/rccar_ws/install/rccar_lab/share/rccar_lab/car_urdf/meshes/fr_wheel_link.STL
[0.300s] -- Up-to-date symlink: /home/ubuntu/source/rccar_ws/install/rccar_lab/share/rccar_lab/car_urdf/meshes/lidar_link.STL
[0.301s] -- Up-to-date symlink: /home/ubuntu/source/rccar_ws/install/rccar_lab/share/rccar_lab/car_urdf/package.xml
[0.301s] -- Up-to-date symlink: /home/ubuntu/source/rccar_ws/install/rccar_lab/share/rccar_lab/car_urdf/urdf/car_urdf3.csv
[0.302s] -- Up-to-date symlink: /home/ubuntu/source/rccar_ws/install/rccar_lab/share/rccar_lab/car_urdf/urdf/car_urdf3.urdf
[0.302s] -- Up-to-date symlink: /home/ubuntu/source/rccar_ws/install/rccar_lab/share/ament_index/resource_index/package_run_dependencies/rccar_lab
[0.303s] -- Up-to-date symlink: /home/ubuntu/source/rccar_ws/install/rccar_lab/share/ament_index/resource_index/parent_prefix_path/rccar_lab
[0.304s] -- Up-to-date symlink: /home/ubuntu/source/rccar_ws/install/rccar_lab/share/rccar_lab/environment/ament_prefix_path.sh
[0.304s] -- Up-to-date symlink: /home/ubuntu/source/rccar_ws/install/rccar_lab/share/rccar_lab/environment/ament_prefix_path.dsv
[0.305s] -- Up-to-date symlink: /home/ubuntu/source/rccar_ws/install/rccar_lab/share/rccar_lab/environment/path.sh
[0.306s] -- Up-to-date symlink: /home/ubuntu/source/rccar_ws/install/rccar_lab/share/rccar_lab/environment/path.dsv
[0.306s] -- Up-to-date symlink: /home/ubuntu/source/rccar_ws/install/rccar_lab/share/rccar_lab/local_setup.bash
[0.308s] -- Up-to-date symlink: /home/ubuntu/source/rccar_ws/install/rccar_lab/share/rccar_lab/local_setup.sh
[0.309s] -- Up-to-date symlink: /home/ubuntu/source/rccar_ws/install/rccar_lab/share/rccar_lab/local_setup.zsh
[0.309s] -- Up-to-date symlink: /home/ubuntu/source/rccar_ws/install/rccar_lab/share/rccar_lab/local_setup.dsv
[0.309s] -- Symlinking: /home/ubuntu/source/rccar_ws/install/rccar_lab/share/rccar_lab/package.dsv
[0.347s] -- Up-to-date symlink: /home/ubuntu/source/rccar_ws/install/rccar_lab/share/ament_index/resource_index/packages/rccar_lab
[0.348s] -- Up-to-date symlink: /home/ubuntu/source/rccar_ws/install/rccar_lab/share/rccar_lab/cmake/rccar_labConfig.cmake
[0.349s] -- Up-to-date symlink: /home/ubuntu/source/rccar_ws/install/rccar_lab/share/rccar_lab/cmake/rccar_labConfig-version.cmake
[0.350s] -- Up-to-date symlink: /home/ubuntu/source/rccar_ws/install/rccar_lab/share/rccar_lab/package.xml
[0.356s] Invoked command in '/home/ubuntu/source/rccar_ws/build/rccar_lab' returned '0': CMAKE_PREFIX_PATH=${CMAKE_PREFIX_PATH}:/opt/ros/jazzy /usr/bin/cmake --install /home/ubuntu/source/rccar_ws/build/rccar_lab
