[0.040s] Invoking command in '/home/ubuntu/source/rccar_ws/build/rccar_lab': CMAKE_PREFIX_PATH=${CMAKE_PREFIX_PATH}:/opt/ros/jazzy /usr/bin/cmake --build /home/ubuntu/source/rccar_ws/build/rccar_lab -- -j22 -l22
[0.251s] Invoked command in '/home/ubuntu/source/rccar_ws/build/rccar_lab' returned '0': CMAKE_PREFIX_PATH=${CMAKE_PREFIX_PATH}:/opt/ros/jazzy /usr/bin/cmake --build /home/ubuntu/source/rccar_ws/build/rccar_lab -- -j22 -l22
[0.272s] Invoking command in '/home/ubuntu/source/rccar_ws/build/rccar_lab': CMAKE_PREFIX_PATH=${CMAKE_PREFIX_PATH}:/opt/ros/jazzy /usr/bin/cmake --install /home/ubuntu/source/rccar_ws/build/rccar_lab
[0.288s] -- Install configuration: ""
[0.291s] -- Execute custom install script
[0.295s] -- Up-to-date symlink: /home/ubuntu/source/rccar_ws/install/rccar_lab/share/rccar_lab/launch/rsp.launch.py
[0.296s] -- Up-to-date symlink: /home/ubuntu/source/rccar_ws/install/rccar_lab/share/rccar_lab/description/robot.urdf.xacro
[0.297s] -- Up-to-date symlink: /home/ubuntu/source/rccar_ws/install/rccar_lab/share/rccar_lab/description/robot_core.xacro
[0.299s] -- Up-to-date symlink: /home/ubuntu/source/rccar_ws/install/rccar_lab/share/rccar_lab/car_urdf/CMakeLists.txt
[0.299s] -- Symlinking: /home/ubuntu/source/rccar_ws/install/rccar_lab/share/rccar_lab/car_urdf/config/joint_names_newCar_URDF.yaml
[0.318s] -- Up-to-date symlink: /home/ubuntu/source/rccar_ws/install/rccar_lab/share/rccar_lab/car_urdf/export.log
[0.318s] -- Up-to-date symlink: /home/ubuntu/source/rccar_ws/install/rccar_lab/share/rccar_lab/car_urdf/launch/display.launch
[0.319s] -- Up-to-date symlink: /home/ubuntu/source/rccar_ws/install/rccar_lab/share/rccar_lab/car_urdf/launch/gazebo.launch
[0.321s] -- Up-to-date symlink: /home/ubuntu/source/rccar_ws/install/rccar_lab/share/rccar_lab/car_urdf/meshes/base_link.STL
[0.321s] -- Up-to-date symlink: /home/ubuntu/source/rccar_ws/install/rccar_lab/share/rccar_lab/car_urdf/meshes/battery_link.STL
[0.322s] -- Up-to-date symlink: /home/ubuntu/source/rccar_ws/install/rccar_lab/share/rccar_lab/car_urdf/meshes/bl_wheel_link.STL
[0.323s] -- Up-to-date symlink: /home/ubuntu/source/rccar_ws/install/rccar_lab/share/rccar_lab/car_urdf/meshes/br_wheel_link.STL
[0.324s] -- Up-to-date symlink: /home/ubuntu/source/rccar_ws/install/rccar_lab/share/rccar_lab/car_urdf/meshes/ebox_link.STL
[0.324s] -- Up-to-date symlink: /home/ubuntu/source/rccar_ws/install/rccar_lab/share/rccar_lab/car_urdf/meshes/fl_wheel_link.STL
[0.325s] -- Up-to-date symlink: /home/ubuntu/source/rccar_ws/install/rccar_lab/share/rccar_lab/car_urdf/meshes/fr_wheel_link.STL
[0.326s] -- Up-to-date symlink: /home/ubuntu/source/rccar_ws/install/rccar_lab/share/rccar_lab/car_urdf/meshes/lidar_link.STL
[0.327s] -- Up-to-date symlink: /home/ubuntu/source/rccar_ws/install/rccar_lab/share/rccar_lab/car_urdf/package.xml
[0.327s] -- Symlinking: /home/ubuntu/source/rccar_ws/install/rccar_lab/share/rccar_lab/car_urdf/urdf/newCar_URDF.csv
[0.342s] -- Symlinking: /home/ubuntu/source/rccar_ws/install/rccar_lab/share/rccar_lab/car_urdf/urdf/newCar_URDF.urdf
[0.358s] -- Up-to-date symlink: /home/ubuntu/source/rccar_ws/install/rccar_lab/share/ament_index/resource_index/package_run_dependencies/rccar_lab
[0.359s] -- Up-to-date symlink: /home/ubuntu/source/rccar_ws/install/rccar_lab/share/ament_index/resource_index/parent_prefix_path/rccar_lab
[0.360s] -- Up-to-date symlink: /home/ubuntu/source/rccar_ws/install/rccar_lab/share/rccar_lab/environment/ament_prefix_path.sh
[0.360s] -- Up-to-date symlink: /home/ubuntu/source/rccar_ws/install/rccar_lab/share/rccar_lab/environment/ament_prefix_path.dsv
[0.361s] -- Up-to-date symlink: /home/ubuntu/source/rccar_ws/install/rccar_lab/share/rccar_lab/environment/path.sh
[0.362s] -- Up-to-date symlink: /home/ubuntu/source/rccar_ws/install/rccar_lab/share/rccar_lab/environment/path.dsv
[0.363s] -- Up-to-date symlink: /home/ubuntu/source/rccar_ws/install/rccar_lab/share/rccar_lab/local_setup.bash
[0.364s] -- Up-to-date symlink: /home/ubuntu/source/rccar_ws/install/rccar_lab/share/rccar_lab/local_setup.sh
[0.365s] -- Up-to-date symlink: /home/ubuntu/source/rccar_ws/install/rccar_lab/share/rccar_lab/local_setup.zsh
[0.366s] -- Up-to-date symlink: /home/ubuntu/source/rccar_ws/install/rccar_lab/share/rccar_lab/local_setup.dsv
[0.366s] -- Symlinking: /home/ubuntu/source/rccar_ws/install/rccar_lab/share/rccar_lab/package.dsv
[0.382s] -- Up-to-date symlink: /home/ubuntu/source/rccar_ws/install/rccar_lab/share/ament_index/resource_index/packages/rccar_lab
[0.383s] -- Up-to-date symlink: /home/ubuntu/source/rccar_ws/install/rccar_lab/share/rccar_lab/cmake/rccar_labConfig.cmake
[0.383s] -- Up-to-date symlink: /home/ubuntu/source/rccar_ws/install/rccar_lab/share/rccar_lab/cmake/rccar_labConfig-version.cmake
[0.384s] -- Up-to-date symlink: /home/ubuntu/source/rccar_ws/install/rccar_lab/share/rccar_lab/package.xml
[0.387s] Invoked command in '/home/ubuntu/source/rccar_ws/build/rccar_lab' returned '0': CMAKE_PREFIX_PATH=${CMAKE_PREFIX_PATH}:/opt/ros/jazzy /usr/bin/cmake --install /home/ubuntu/source/rccar_ws/build/rccar_lab
