[0.029s] Invoking command in '/home/ubuntu/source/rccar_ws/build/rccar_lab': CMAKE_PREFIX_PATH=${CMAKE_PREFIX_PATH}:/opt/ros/jazzy /usr/bin/cmake --build /home/ubuntu/source/rccar_ws/build/rccar_lab -- -j22 -l22
[0.321s] Invoked command in '/home/ubuntu/source/rccar_ws/build/rccar_lab' returned '0': CMAKE_PREFIX_PATH=${CMAKE_PREFIX_PATH}:/opt/ros/jazzy /usr/bin/cmake --build /home/ubuntu/source/rccar_ws/build/rccar_lab -- -j22 -l22
[0.340s] Invoking command in '/home/ubuntu/source/rccar_ws/build/rccar_lab': CMAKE_PREFIX_PATH=${CMAKE_PREFIX_PATH}:/opt/ros/jazzy /usr/bin/cmake --install /home/ubuntu/source/rccar_ws/build/rccar_lab
[0.356s] -- Install configuration: ""
[0.359s] -- Execute custom install script
[0.360s] -- Up-to-date symlink: /home/ubuntu/source/rccar_ws/install/rccar_lab/share/rccar_lab/launch/launch_sim.launch.py
[0.360s] -- Up-to-date symlink: /home/ubuntu/source/rccar_ws/install/rccar_lab/share/rccar_lab/launch/rsp.launch.py
[0.361s] -- Symlinking: /home/ubuntu/source/rccar_ws/install/rccar_lab/share/rccar_lab/description/old_robot_core.xacro
[0.375s] -- Up-to-date symlink: /home/ubuntu/source/rccar_ws/install/rccar_lab/share/rccar_lab/description/robot.urdf.xacro
[0.376s] -- Up-to-date symlink: /home/ubuntu/source/rccar_ws/install/rccar_lab/share/rccar_lab/description/robot_core.xacro
[0.376s] -- Up-to-date symlink: /home/ubuntu/source/rccar_ws/install/rccar_lab/share/rccar_lab/description/ros2_control.xacro
[0.376s] -- Up-to-date symlink: /home/ubuntu/source/rccar_ws/install/rccar_lab/share/rccar_lab/description/test_control.xacro
[0.376s] -- Up-to-date symlink: /home/ubuntu/source/rccar_ws/install/rccar_lab/share/rccar_lab/description/test_inertia.xacro
[0.376s] -- Up-to-date symlink: /home/ubuntu/source/rccar_ws/install/rccar_lab/share/rccar_lab/description/test_robot.xacro
[0.377s] -- Up-to-date symlink: /home/ubuntu/source/rccar_ws/install/rccar_lab/share/rccar_lab/config/mapper_params_online_async.yaml
[0.377s] -- Up-to-date symlink: /home/ubuntu/source/rccar_ws/install/rccar_lab/share/rccar_lab/config/my_controllers.yaml
[0.377s] -- Up-to-date symlink: /home/ubuntu/source/rccar_ws/install/rccar_lab/share/rccar_lab/config/rviz/lidar.rviz
[0.377s] -- Up-to-date symlink: /home/ubuntu/source/rccar_ws/install/rccar_lab/share/rccar_lab/config/worlds/default.sdf
[0.377s] -- Up-to-date symlink: /home/ubuntu/source/rccar_ws/install/rccar_lab/share/rccar_lab/config/worlds/more_objects.sdf
[0.378s] [31mCMake Error at ament_cmake_symlink_install/ament_cmake_symlink_install.cmake:105 (message):
[0.378s]   ament_cmake_symlink_install_directory() can't find
[0.378s]   '/home/ubuntu/source/rccar_ws/src/rccar_lab/car_urdf'
[0.378s] Call Stack (most recent call first):
[0.378s]   ament_cmake_symlink_install/ament_cmake_symlink_install.cmake:319 (ament_cmake_symlink_install_directory)
[0.378s]   cmake_install.cmake:46 (include)
[0.378s] 
[0.378s] [0m
[0.381s] Invoked command in '/home/ubuntu/source/rccar_ws/build/rccar_lab' returned '1': CMAKE_PREFIX_PATH=${CMAKE_PREFIX_PATH}:/opt/ros/jazzy /usr/bin/cmake --install /home/ubuntu/source/rccar_ws/build/rccar_lab
