[0.024s] Invoking command in '/home/ubuntu/source/rccar_ws/build/rccar_lab': CMAKE_PREFIX_PATH=${CMAKE_PREFIX_PATH}:/opt/ros/jazzy /usr/bin/cmake --build /home/ubuntu/source/rccar_ws/build/rccar_lab -- -j22 -l22
[0.143s] Invoked command in '/home/ubuntu/source/rccar_ws/build/rccar_lab' returned '0': CMAKE_PREFIX_PATH=${CMAKE_PREFIX_PATH}:/opt/ros/jazzy /usr/bin/cmake --build /home/ubuntu/source/rccar_ws/build/rccar_lab -- -j22 -l22
[0.155s] Invoking command in '/home/ubuntu/source/rccar_ws/build/rccar_lab': CMAKE_PREFIX_PATH=${CMAKE_PREFIX_PATH}:/opt/ros/jazzy /usr/bin/cmake --install /home/ubuntu/source/rccar_ws/build/rccar_lab
[0.164s] -- Install configuration: ""
[0.165s] -- Execute custom install script
[0.167s] -- Up-to-date symlink: /home/ubuntu/source/rccar_ws/install/rccar_lab/share/rccar_lab/launch/launch_sim.launch.py
[0.167s] -- Up-to-date symlink: /home/ubuntu/source/rccar_ws/install/rccar_lab/share/rccar_lab/launch/rsp.launch.py
[0.168s] -- Up-to-date symlink: /home/ubuntu/source/rccar_ws/install/rccar_lab/share/rccar_lab/description/robot.urdf.xacro
[0.168s] -- Up-to-date symlink: /home/ubuntu/source/rccar_ws/install/rccar_lab/share/rccar_lab/description/robot_core.xacro
[0.168s] -- Up-to-date symlink: /home/ubuntu/source/rccar_ws/install/rccar_lab/share/rccar_lab/description/ros2_control.xacro
[0.169s] -- Up-to-date symlink: /home/ubuntu/source/rccar_ws/install/rccar_lab/share/rccar_lab/description/test_control.xacro
[0.169s] -- Up-to-date symlink: /home/ubuntu/source/rccar_ws/install/rccar_lab/share/rccar_lab/description/test_inertia.xacro
[0.169s] -- Up-to-date symlink: /home/ubuntu/source/rccar_ws/install/rccar_lab/share/rccar_lab/description/test_robot.xacro
[0.170s] -- Up-to-date symlink: /home/ubuntu/source/rccar_ws/install/rccar_lab/share/rccar_lab/config/my_controllers.yaml
[0.171s] -- Symlinking: /home/ubuntu/source/rccar_ws/install/rccar_lab/share/rccar_lab/config/worlds/default_world.sdf
[0.181s] -- Up-to-date symlink: /home/ubuntu/source/rccar_ws/install/rccar_lab/share/rccar_lab/car_urdf/CMakeLists.txt
[0.181s] -- Up-to-date symlink: /home/ubuntu/source/rccar_ws/install/rccar_lab/share/rccar_lab/car_urdf/config/joint_names_car_urdf3.yaml
[0.181s] -- Up-to-date symlink: /home/ubuntu/source/rccar_ws/install/rccar_lab/share/rccar_lab/car_urdf/export.log
[0.182s] -- Up-to-date symlink: /home/ubuntu/source/rccar_ws/install/rccar_lab/share/rccar_lab/car_urdf/launch/display.launch
[0.182s] -- Up-to-date symlink: /home/ubuntu/source/rccar_ws/install/rccar_lab/share/rccar_lab/car_urdf/launch/gazebo.launch
[0.183s] -- Up-to-date symlink: /home/ubuntu/source/rccar_ws/install/rccar_lab/share/rccar_lab/car_urdf/meshes/base_link.STL
[0.183s] -- Up-to-date symlink: /home/ubuntu/source/rccar_ws/install/rccar_lab/share/rccar_lab/car_urdf/meshes/battery_link.STL
[0.184s] -- Up-to-date symlink: /home/ubuntu/source/rccar_ws/install/rccar_lab/share/rccar_lab/car_urdf/meshes/bl_wheel_link.STL
[0.184s] -- Up-to-date symlink: /home/ubuntu/source/rccar_ws/install/rccar_lab/share/rccar_lab/car_urdf/meshes/br_wheel_link.STL
[0.184s] -- Up-to-date symlink: /home/ubuntu/source/rccar_ws/install/rccar_lab/share/rccar_lab/car_urdf/meshes/ebox_link.STL
[0.185s] -- Up-to-date symlink: /home/ubuntu/source/rccar_ws/install/rccar_lab/share/rccar_lab/car_urdf/meshes/fl_wheel_link.STL
[0.185s] -- Up-to-date symlink: /home/ubuntu/source/rccar_ws/install/rccar_lab/share/rccar_lab/car_urdf/meshes/fr_wheel_link.STL
[0.186s] -- Up-to-date symlink: /home/ubuntu/source/rccar_ws/install/rccar_lab/share/rccar_lab/car_urdf/meshes/lidar_link.STL
[0.186s] -- Up-to-date symlink: /home/ubuntu/source/rccar_ws/install/rccar_lab/share/rccar_lab/car_urdf/package.xml
[0.186s] -- Up-to-date symlink: /home/ubuntu/source/rccar_ws/install/rccar_lab/share/rccar_lab/car_urdf/urdf/car_urdf3.csv
[0.186s] -- Up-to-date symlink: /home/ubuntu/source/rccar_ws/install/rccar_lab/share/rccar_lab/car_urdf/urdf/car_urdf3.urdf
[0.187s] -- Up-to-date symlink: /home/ubuntu/source/rccar_ws/install/rccar_lab/share/ament_index/resource_index/package_run_dependencies/rccar_lab
[0.187s] -- Up-to-date symlink: /home/ubuntu/source/rccar_ws/install/rccar_lab/share/ament_index/resource_index/parent_prefix_path/rccar_lab
[0.188s] -- Up-to-date symlink: /home/ubuntu/source/rccar_ws/install/rccar_lab/share/rccar_lab/environment/ament_prefix_path.sh
[0.188s] -- Up-to-date symlink: /home/ubuntu/source/rccar_ws/install/rccar_lab/share/rccar_lab/environment/ament_prefix_path.dsv
[0.188s] -- Up-to-date symlink: /home/ubuntu/source/rccar_ws/install/rccar_lab/share/rccar_lab/environment/path.sh
[0.189s] -- Up-to-date symlink: /home/ubuntu/source/rccar_ws/install/rccar_lab/share/rccar_lab/environment/path.dsv
[0.189s] -- Up-to-date symlink: /home/ubuntu/source/rccar_ws/install/rccar_lab/share/rccar_lab/local_setup.bash
[0.189s] -- Up-to-date symlink: /home/ubuntu/source/rccar_ws/install/rccar_lab/share/rccar_lab/local_setup.sh
[0.190s] -- Up-to-date symlink: /home/ubuntu/source/rccar_ws/install/rccar_lab/share/rccar_lab/local_setup.zsh
[0.190s] -- Up-to-date symlink: /home/ubuntu/source/rccar_ws/install/rccar_lab/share/rccar_lab/local_setup.dsv
[0.190s] -- Symlinking: /home/ubuntu/source/rccar_ws/install/rccar_lab/share/rccar_lab/package.dsv
[0.198s] -- Up-to-date symlink: /home/ubuntu/source/rccar_ws/install/rccar_lab/share/ament_index/resource_index/packages/rccar_lab
[0.199s] -- Up-to-date symlink: /home/ubuntu/source/rccar_ws/install/rccar_lab/share/rccar_lab/cmake/rccar_labConfig.cmake
[0.199s] -- Up-to-date symlink: /home/ubuntu/source/rccar_ws/install/rccar_lab/share/rccar_lab/cmake/rccar_labConfig-version.cmake
[0.199s] -- Up-to-date symlink: /home/ubuntu/source/rccar_ws/install/rccar_lab/share/rccar_lab/package.xml
[0.200s] Invoked command in '/home/ubuntu/source/rccar_ws/build/rccar_lab' returned '0': CMAKE_PREFIX_PATH=${CMAKE_PREFIX_PATH}:/opt/ros/jazzy /usr/bin/cmake --install /home/ubuntu/source/rccar_ws/build/rccar_lab
