-- Found ament_cmake: 2.5.6 (/opt/ros/jazzy/share/ament_cmake/cmake)
-- Override CMake install command with custom implementation using symlinks instead of copying resources
-- Found ament_lint_auto: 0.17.5 (/opt/ros/jazzy/share/ament_lint_auto/cmake)
-- Added test 'flake8' to check Python code syntax and style conventions
-- Configured 'flake8' exclude dirs and/or files: 
-- Added test 'lint_cmake' to check CMake code style
-- Added test 'pep257' to check Python code against some of the docstring style conventions in PEP 257
-- Added test 'xmllint' to check XML markup files
-- Configuring done (0.6s)
-- Generating done (0.0s)
-- Build files have been written to: /home/ubuntu/source/rccar_ws/build/rccar_lab
-- Install configuration: ""
-- Execute custom install script
-- Up-to-date symlink: /home/ubuntu/source/rccar_ws/install/rccar_lab/share/rccar_lab/launch/rsp.launch.py
-- Up-to-date symlink: /home/ubuntu/source/rccar_ws/install/rccar_lab/share/rccar_lab/description/robot.urdf.xacro
-- Up-to-date symlink: /home/ubuntu/source/rccar_ws/install/rccar_lab/share/rccar_lab/description/robot_core.xacro
-- Symlinking: /home/ubuntu/source/rccar_ws/install/rccar_lab/share/rccar_lab/car_urdf/CMakeLists.txt
-- Symlinking: /home/ubuntu/source/rccar_ws/install/rccar_lab/share/rccar_lab/car_urdf/config/joint_names_car_URDF.yaml
-- Symlinking: /home/ubuntu/source/rccar_ws/install/rccar_lab/share/rccar_lab/car_urdf/export.log
-- Symlinking: /home/ubuntu/source/rccar_ws/install/rccar_lab/share/rccar_lab/car_urdf/launch/display.launch
-- Symlinking: /home/ubuntu/source/rccar_ws/install/rccar_lab/share/rccar_lab/car_urdf/launch/gazebo.launch
-- Symlinking: /home/ubuntu/source/rccar_ws/install/rccar_lab/share/rccar_lab/car_urdf/meshes/base_link.STL
-- Symlinking: /home/ubuntu/source/rccar_ws/install/rccar_lab/share/rccar_lab/car_urdf/meshes/battery_link.STL
-- Symlinking: /home/ubuntu/source/rccar_ws/install/rccar_lab/share/rccar_lab/car_urdf/meshes/bl_wheel_link.STL
-- Symlinking: /home/ubuntu/source/rccar_ws/install/rccar_lab/share/rccar_lab/car_urdf/meshes/br_wheel_link.STL
-- Symlinking: /home/ubuntu/source/rccar_ws/install/rccar_lab/share/rccar_lab/car_urdf/meshes/ebox_link.STL
-- Symlinking: /home/ubuntu/source/rccar_ws/install/rccar_lab/share/rccar_lab/car_urdf/meshes/fl_wheel_link.STL
-- Symlinking: /home/ubuntu/source/rccar_ws/install/rccar_lab/share/rccar_lab/car_urdf/meshes/fr_wheel_link.STL
-- Symlinking: /home/ubuntu/source/rccar_ws/install/rccar_lab/share/rccar_lab/car_urdf/meshes/lidar_link.STL
-- Symlinking: /home/ubuntu/source/rccar_ws/install/rccar_lab/share/rccar_lab/car_urdf/package.xml
-- Symlinking: /home/ubuntu/source/rccar_ws/install/rccar_lab/share/rccar_lab/car_urdf/urdf/car_URDF.csv
-- Symlinking: /home/ubuntu/source/rccar_ws/install/rccar_lab/share/rccar_lab/car_urdf/urdf/car_URDF.urdf
-- Up-to-date symlink: /home/ubuntu/source/rccar_ws/install/rccar_lab/share/ament_index/resource_index/package_run_dependencies/rccar_lab
-- Up-to-date symlink: /home/ubuntu/source/rccar_ws/install/rccar_lab/share/ament_index/resource_index/parent_prefix_path/rccar_lab
-- Up-to-date symlink: /home/ubuntu/source/rccar_ws/install/rccar_lab/share/rccar_lab/environment/ament_prefix_path.sh
-- Up-to-date symlink: /home/ubuntu/source/rccar_ws/install/rccar_lab/share/rccar_lab/environment/ament_prefix_path.dsv
-- Up-to-date symlink: /home/ubuntu/source/rccar_ws/install/rccar_lab/share/rccar_lab/environment/path.sh
-- Up-to-date symlink: /home/ubuntu/source/rccar_ws/install/rccar_lab/share/rccar_lab/environment/path.dsv
-- Up-to-date symlink: /home/ubuntu/source/rccar_ws/install/rccar_lab/share/rccar_lab/local_setup.bash
-- Up-to-date symlink: /home/ubuntu/source/rccar_ws/install/rccar_lab/share/rccar_lab/local_setup.sh
-- Up-to-date symlink: /home/ubuntu/source/rccar_ws/install/rccar_lab/share/rccar_lab/local_setup.zsh
-- Up-to-date symlink: /home/ubuntu/source/rccar_ws/install/rccar_lab/share/rccar_lab/local_setup.dsv
-- Symlinking: /home/ubuntu/source/rccar_ws/install/rccar_lab/share/rccar_lab/package.dsv
-- Up-to-date symlink: /home/ubuntu/source/rccar_ws/install/rccar_lab/share/ament_index/resource_index/packages/rccar_lab
-- Up-to-date symlink: /home/ubuntu/source/rccar_ws/install/rccar_lab/share/rccar_lab/cmake/rccar_labConfig.cmake
-- Up-to-date symlink: /home/ubuntu/source/rccar_ws/install/rccar_lab/share/rccar_lab/cmake/rccar_labConfig-version.cmake
-- Up-to-date symlink: /home/ubuntu/source/rccar_ws/install/rccar_lab/share/rccar_lab/package.xml
