[0.469s] DEBUG:colcon:Command line arguments: ['/usr/bin/colcon', 'build', '--symlink-install']
[0.469s] DEBUG:colcon:Parsed command line arguments: Namespace(log_base=None, log_level=None, verb_name='build', build_base='build', install_base='install', merge_install=False, symlink_install=True, test_result_base=None, continue_on_error=False, executor='parallel', parallel_workers=22, event_handlers=None, ignore_user_meta=False, metas=['./colcon.meta'], base_paths=['.'], packages_ignore=None, packages_ignore_regex=None, paths=None, packages_up_to=None, packages_up_to_regex=None, packages_above=None, packages_above_and_dependencies=None, packages_above_depth=None, packages_select_by_dep=None, packages_skip_by_dep=None, packages_skip_up_to=None, packages_select_build_failed=False, packages_skip_build_finished=False, packages_select_test_failures=False, packages_skip_test_passed=False, packages_select=None, packages_skip=None, packages_select_regex=None, packages_skip_regex=None, packages_start=None, packages_end=None, cmake_args=None, cmake_target=None, cmake_target_skip_unavailable=False, cmake_clean_cache=False, cmake_clean_first=False, cmake_force_configure=False, ament_cmake_args=None, catkin_cmake_args=None, catkin_skip_building_tests=False, mixin_files=None, mixin=None, verb_parser=<colcon_mixin.mixin.mixin_argument.MixinArgumentDecorator object at 0x766a5160ddf0>, verb_extension=<colcon_core.verb.build.BuildVerb object at 0x766a5160db20>, main=<bound method BuildVerb.main of <colcon_core.verb.build.BuildVerb object at 0x766a5160db20>>, mixin_verb=('build',))
[0.605s] Level 1:colcon.colcon_core.package_discovery:discover_packages(colcon_meta) check parameters
[0.606s] Level 1:colcon.colcon_core.package_discovery:discover_packages(recursive) check parameters
[0.606s] Level 1:colcon.colcon_core.package_discovery:discover_packages(ignore) check parameters
[0.606s] Level 1:colcon.colcon_core.package_discovery:discover_packages(path) check parameters
[0.606s] Level 1:colcon.colcon_core.package_discovery:discover_packages(colcon_meta) discover
[0.606s] Level 1:colcon.colcon_core.package_discovery:discover_packages(recursive) discover
[0.606s] INFO:colcon.colcon_core.package_discovery:Crawling recursively for packages in '/home/ubuntu/source/rccar_ws'
[0.606s] Level 1:colcon.colcon_core.package_identification:_identify(.) by extensions ['ignore', 'ignore_ament_install']
[0.606s] Level 1:colcon.colcon_core.package_identification:_identify(.) by extension 'ignore'
[0.607s] Level 1:colcon.colcon_core.package_identification:_identify(.) by extension 'ignore_ament_install'
[0.607s] Level 1:colcon.colcon_core.package_identification:_identify(.) by extensions ['colcon_pkg']
[0.607s] Level 1:colcon.colcon_core.package_identification:_identify(.) by extension 'colcon_pkg'
[0.607s] Level 1:colcon.colcon_core.package_identification:_identify(.) by extensions ['colcon_meta']
[0.607s] Level 1:colcon.colcon_core.package_identification:_identify(.) by extension 'colcon_meta'
[0.607s] Level 1:colcon.colcon_core.package_identification:_identify(.) by extensions ['ros']
[0.607s] Level 1:colcon.colcon_core.package_identification:_identify(.) by extension 'ros'
[0.654s] Level 1:colcon.colcon_core.package_identification:_identify(.) by extensions ['cmake', 'python']
[0.654s] Level 1:colcon.colcon_core.package_identification:_identify(.) by extension 'cmake'
[0.654s] Level 1:colcon.colcon_core.package_identification:_identify(.) by extension 'python'
[0.654s] Level 1:colcon.colcon_core.package_identification:_identify(.) by extensions ['python_setup_py']
[0.654s] Level 1:colcon.colcon_core.package_identification:_identify(.) by extension 'python_setup_py'
[0.654s] Level 1:colcon.colcon_core.package_identification:_identify(build) by extensions ['ignore', 'ignore_ament_install']
[0.654s] Level 1:colcon.colcon_core.package_identification:_identify(build) by extension 'ignore'
[0.654s] Level 1:colcon.colcon_core.package_identification:_identify(build) ignored
[0.654s] Level 1:colcon.colcon_core.package_identification:_identify(install) by extensions ['ignore', 'ignore_ament_install']
[0.655s] Level 1:colcon.colcon_core.package_identification:_identify(install) by extension 'ignore'
[0.655s] Level 1:colcon.colcon_core.package_identification:_identify(install) ignored
[0.655s] Level 1:colcon.colcon_core.package_identification:_identify(log) by extensions ['ignore', 'ignore_ament_install']
[0.655s] Level 1:colcon.colcon_core.package_identification:_identify(log) by extension 'ignore'
[0.655s] Level 1:colcon.colcon_core.package_identification:_identify(log) ignored
[0.655s] Level 1:colcon.colcon_core.package_identification:_identify(src) by extensions ['ignore', 'ignore_ament_install']
[0.655s] Level 1:colcon.colcon_core.package_identification:_identify(src) by extension 'ignore'
[0.655s] Level 1:colcon.colcon_core.package_identification:_identify(src) by extension 'ignore_ament_install'
[0.655s] Level 1:colcon.colcon_core.package_identification:_identify(src) by extensions ['colcon_pkg']
[0.655s] Level 1:colcon.colcon_core.package_identification:_identify(src) by extension 'colcon_pkg'
[0.655s] Level 1:colcon.colcon_core.package_identification:_identify(src) by extensions ['colcon_meta']
[0.655s] Level 1:colcon.colcon_core.package_identification:_identify(src) by extension 'colcon_meta'
[0.656s] Level 1:colcon.colcon_core.package_identification:_identify(src) by extensions ['ros']
[0.656s] Level 1:colcon.colcon_core.package_identification:_identify(src) by extension 'ros'
[0.656s] Level 1:colcon.colcon_core.package_identification:_identify(src) by extensions ['cmake', 'python']
[0.656s] Level 1:colcon.colcon_core.package_identification:_identify(src) by extension 'cmake'
[0.656s] Level 1:colcon.colcon_core.package_identification:_identify(src) by extension 'python'
[0.656s] Level 1:colcon.colcon_core.package_identification:_identify(src) by extensions ['python_setup_py']
[0.656s] Level 1:colcon.colcon_core.package_identification:_identify(src) by extension 'python_setup_py'
[0.656s] Level 1:colcon.colcon_core.package_identification:_identify(src/rccar_lab) by extensions ['ignore', 'ignore_ament_install']
[0.656s] Level 1:colcon.colcon_core.package_identification:_identify(src/rccar_lab) by extension 'ignore'
[0.656s] Level 1:colcon.colcon_core.package_identification:_identify(src/rccar_lab) by extension 'ignore_ament_install'
[0.656s] Level 1:colcon.colcon_core.package_identification:_identify(src/rccar_lab) by extensions ['colcon_pkg']
[0.656s] Level 1:colcon.colcon_core.package_identification:_identify(src/rccar_lab) by extension 'colcon_pkg'
[0.656s] Level 1:colcon.colcon_core.package_identification:_identify(src/rccar_lab) by extensions ['colcon_meta']
[0.656s] Level 1:colcon.colcon_core.package_identification:_identify(src/rccar_lab) by extension 'colcon_meta'
[0.656s] Level 1:colcon.colcon_core.package_identification:_identify(src/rccar_lab) by extensions ['ros']
[0.656s] Level 1:colcon.colcon_core.package_identification:_identify(src/rccar_lab) by extension 'ros'
[0.661s] DEBUG:colcon.colcon_core.package_identification:Package 'src/rccar_lab' with type 'ros.ament_cmake' and name 'rccar_lab'
[0.661s] Level 1:colcon.colcon_core.package_discovery:discover_packages(recursive) using defaults
[0.662s] Level 1:colcon.colcon_core.package_discovery:discover_packages(ignore) discover
[0.662s] Level 1:colcon.colcon_core.package_discovery:discover_packages(ignore) using defaults
[0.662s] Level 1:colcon.colcon_core.package_discovery:discover_packages(path) discover
[0.662s] Level 1:colcon.colcon_core.package_discovery:discover_packages(path) using defaults
[0.705s] Level 5:colcon.colcon_core.verb:set package 'rccar_lab' build argument 'cmake_args' from command line to 'None'
[0.705s] Level 5:colcon.colcon_core.verb:set package 'rccar_lab' build argument 'cmake_target' from command line to 'None'
[0.705s] Level 5:colcon.colcon_core.verb:set package 'rccar_lab' build argument 'cmake_target_skip_unavailable' from command line to 'False'
[0.705s] Level 5:colcon.colcon_core.verb:set package 'rccar_lab' build argument 'cmake_clean_cache' from command line to 'False'
[0.705s] Level 5:colcon.colcon_core.verb:set package 'rccar_lab' build argument 'cmake_clean_first' from command line to 'False'
[0.706s] Level 5:colcon.colcon_core.verb:set package 'rccar_lab' build argument 'cmake_force_configure' from command line to 'False'
[0.706s] Level 5:colcon.colcon_core.verb:set package 'rccar_lab' build argument 'ament_cmake_args' from command line to 'None'
[0.706s] Level 5:colcon.colcon_core.verb:set package 'rccar_lab' build argument 'catkin_cmake_args' from command line to 'None'
[0.706s] Level 5:colcon.colcon_core.verb:set package 'rccar_lab' build argument 'catkin_skip_building_tests' from command line to 'False'
[0.706s] DEBUG:colcon.colcon_core.verb:Building package 'rccar_lab' with the following arguments: {'ament_cmake_args': None, 'build_base': '/home/ubuntu/source/rccar_ws/build/rccar_lab', 'catkin_cmake_args': None, 'catkin_skip_building_tests': False, 'cmake_args': None, 'cmake_clean_cache': False, 'cmake_clean_first': False, 'cmake_force_configure': False, 'cmake_target': None, 'cmake_target_skip_unavailable': False, 'install_base': '/home/ubuntu/source/rccar_ws/install/rccar_lab', 'merge_install': False, 'path': '/home/ubuntu/source/rccar_ws/src/rccar_lab', 'symlink_install': True, 'test_result_base': None}
[0.706s] INFO:colcon.colcon_core.executor:Executing jobs using 'parallel' executor
[0.708s] DEBUG:colcon.colcon_parallel_executor.executor.parallel:run_until_complete
[0.709s] INFO:colcon.colcon_ros.task.ament_cmake.build:Building ROS package in '/home/ubuntu/source/rccar_ws/src/rccar_lab' with build type 'ament_cmake'
[0.709s] INFO:colcon.colcon_cmake.task.cmake.build:Building CMake package in '/home/ubuntu/source/rccar_ws/src/rccar_lab'
[0.718s] INFO:colcon.colcon_core.plugin_system:Skipping extension 'colcon_core.shell.bat': Not used on non-Windows systems
[0.718s] INFO:colcon.colcon_core.shell:Skip shell extension 'powershell' for command environment: Not usable outside of PowerShell
[0.718s] DEBUG:colcon.colcon_core.shell:Skip shell extension 'dsv' for command environment
[0.750s] DEBUG:colcon.colcon_core.event_handler.log_command:Invoking command in '/home/ubuntu/source/rccar_ws/build/rccar_lab': CMAKE_PREFIX_PATH=${CMAKE_PREFIX_PATH}:/opt/ros/jazzy /usr/bin/cmake --build /home/ubuntu/source/rccar_ws/build/rccar_lab -- -j22 -l22
[1.003s] DEBUG:colcon.colcon_core.event_handler.log_command:Invoked command in '/home/ubuntu/source/rccar_ws/build/rccar_lab' returned '0': CMAKE_PREFIX_PATH=${CMAKE_PREFIX_PATH}:/opt/ros/jazzy /usr/bin/cmake --build /home/ubuntu/source/rccar_ws/build/rccar_lab -- -j22 -l22
[1.024s] DEBUG:colcon.colcon_core.event_handler.log_command:Invoking command in '/home/ubuntu/source/rccar_ws/build/rccar_lab': CMAKE_PREFIX_PATH=${CMAKE_PREFIX_PATH}:/opt/ros/jazzy /usr/bin/cmake --install /home/ubuntu/source/rccar_ws/build/rccar_lab
[1.088s] Level 1:colcon.colcon_core.environment:create_environment_scripts_only(rccar_lab)
[1.089s] DEBUG:colcon.colcon_core.event_handler.log_command:Invoked command in '/home/ubuntu/source/rccar_ws/build/rccar_lab' returned '0': CMAKE_PREFIX_PATH=${CMAKE_PREFIX_PATH}:/opt/ros/jazzy /usr/bin/cmake --install /home/ubuntu/source/rccar_ws/build/rccar_lab
[1.103s] Level 1:colcon.colcon_core.environment:checking '/home/ubuntu/source/rccar_ws/install/rccar_lab' for CMake module files
[1.103s] Level 1:colcon.colcon_core.environment:checking '/home/ubuntu/source/rccar_ws/install/rccar_lab' for CMake config files
[1.104s] Level 1:colcon.colcon_core.shell:create_environment_hook('rccar_lab', 'cmake_prefix_path')
[1.104s] INFO:colcon.colcon_core.shell:Creating environment hook '/home/ubuntu/source/rccar_ws/install/rccar_lab/share/rccar_lab/hook/cmake_prefix_path.ps1'
[1.107s] INFO:colcon.colcon_core.shell:Creating environment descriptor '/home/ubuntu/source/rccar_ws/install/rccar_lab/share/rccar_lab/hook/cmake_prefix_path.dsv'
[1.109s] INFO:colcon.colcon_core.shell:Creating environment hook '/home/ubuntu/source/rccar_ws/install/rccar_lab/share/rccar_lab/hook/cmake_prefix_path.sh'
[1.111s] Level 1:colcon.colcon_core.environment:checking '/home/ubuntu/source/rccar_ws/install/rccar_lab/bin'
[1.111s] Level 1:colcon.colcon_core.environment:checking '/home/ubuntu/source/rccar_ws/install/rccar_lab/lib/pkgconfig/rccar_lab.pc'
[1.115s] Level 1:colcon.colcon_core.environment:checking '/home/ubuntu/source/rccar_ws/install/rccar_lab/lib/python3.12/site-packages'
[1.115s] Level 1:colcon.colcon_core.environment:checking '/home/ubuntu/source/rccar_ws/install/rccar_lab/bin'
[1.116s] INFO:colcon.colcon_core.shell:Creating package script '/home/ubuntu/source/rccar_ws/install/rccar_lab/share/rccar_lab/package.ps1'
[1.117s] INFO:colcon.colcon_core.shell:Creating package descriptor '/home/ubuntu/source/rccar_ws/install/rccar_lab/share/rccar_lab/package.dsv'
[1.119s] INFO:colcon.colcon_core.shell:Creating package script '/home/ubuntu/source/rccar_ws/install/rccar_lab/share/rccar_lab/package.sh'
[1.120s] INFO:colcon.colcon_core.shell:Creating package script '/home/ubuntu/source/rccar_ws/install/rccar_lab/share/rccar_lab/package.bash'
[1.122s] INFO:colcon.colcon_core.shell:Creating package script '/home/ubuntu/source/rccar_ws/install/rccar_lab/share/rccar_lab/package.zsh'
[1.123s] Level 1:colcon.colcon_core.environment:create_file_with_runtime_dependencies(/home/ubuntu/source/rccar_ws/install/rccar_lab/share/colcon-core/packages/rccar_lab)
[1.124s] Level 1:colcon.colcon_core.environment:create_environment_scripts_only(rccar_lab)
[1.124s] Level 1:colcon.colcon_core.environment:checking '/home/ubuntu/source/rccar_ws/install/rccar_lab' for CMake module files
[1.125s] Level 1:colcon.colcon_core.environment:checking '/home/ubuntu/source/rccar_ws/install/rccar_lab' for CMake config files
[1.125s] Level 1:colcon.colcon_core.shell:create_environment_hook('rccar_lab', 'cmake_prefix_path')
[1.126s] INFO:colcon.colcon_core.shell:Creating environment hook '/home/ubuntu/source/rccar_ws/install/rccar_lab/share/rccar_lab/hook/cmake_prefix_path.ps1'
[1.127s] INFO:colcon.colcon_core.shell:Creating environment descriptor '/home/ubuntu/source/rccar_ws/install/rccar_lab/share/rccar_lab/hook/cmake_prefix_path.dsv'
[1.127s] INFO:colcon.colcon_core.shell:Creating environment hook '/home/ubuntu/source/rccar_ws/install/rccar_lab/share/rccar_lab/hook/cmake_prefix_path.sh'
[1.128s] Level 1:colcon.colcon_core.environment:checking '/home/ubuntu/source/rccar_ws/install/rccar_lab/bin'
[1.128s] Level 1:colcon.colcon_core.environment:checking '/home/ubuntu/source/rccar_ws/install/rccar_lab/lib/pkgconfig/rccar_lab.pc'
[1.129s] Level 1:colcon.colcon_core.environment:checking '/home/ubuntu/source/rccar_ws/install/rccar_lab/lib/python3.12/site-packages'
[1.129s] Level 1:colcon.colcon_core.environment:checking '/home/ubuntu/source/rccar_ws/install/rccar_lab/bin'
[1.129s] INFO:colcon.colcon_core.shell:Creating package script '/home/ubuntu/source/rccar_ws/install/rccar_lab/share/rccar_lab/package.ps1'
[1.130s] INFO:colcon.colcon_core.shell:Creating package descriptor '/home/ubuntu/source/rccar_ws/install/rccar_lab/share/rccar_lab/package.dsv'
[1.131s] INFO:colcon.colcon_core.shell:Creating package script '/home/ubuntu/source/rccar_ws/install/rccar_lab/share/rccar_lab/package.sh'
[1.131s] INFO:colcon.colcon_core.shell:Creating package script '/home/ubuntu/source/rccar_ws/install/rccar_lab/share/rccar_lab/package.bash'
[1.132s] INFO:colcon.colcon_core.shell:Creating package script '/home/ubuntu/source/rccar_ws/install/rccar_lab/share/rccar_lab/package.zsh'
[1.132s] Level 1:colcon.colcon_core.environment:create_file_with_runtime_dependencies(/home/ubuntu/source/rccar_ws/install/rccar_lab/share/colcon-core/packages/rccar_lab)
[1.133s] DEBUG:colcon.colcon_parallel_executor.executor.parallel:closing loop
[1.133s] DEBUG:colcon.colcon_parallel_executor.executor.parallel:loop closed
[1.133s] DEBUG:colcon.colcon_parallel_executor.executor.parallel:run_until_complete finished with '0'
[1.135s] DEBUG:colcon.colcon_core.event_reactor:joining thread
[1.158s] INFO:colcon.colcon_core.plugin_system:Skipping extension 'colcon_notification.desktop_notification.notify_send': Could not find 'notify-send'
[1.158s] INFO:colcon.colcon_core.plugin_system:Skipping extension 'colcon_notification.desktop_notification.terminal_notifier': Not used on non-Darwin systems
[1.158s] INFO:colcon.colcon_core.plugin_system:Skipping extension 'colcon_notification.desktop_notification.win32': Not used on non-Windows systems
[1.158s] INFO:colcon.colcon_notification.desktop_notification:Sending desktop notification using 'notify2'
[1.161s] DEBUG:colcon.colcon_notification.desktop_notification.notify2:Failed to initialize notify2: org.freedesktop.DBus.Error.Spawn.ExecFailed: /usr/bin/dbus-launch terminated abnormally without any error message
[1.161s] DEBUG:colcon.colcon_core.event_reactor:joined thread
[1.162s] INFO:colcon.colcon_core.shell:Creating prefix script '/home/ubuntu/source/rccar_ws/install/local_setup.ps1'
[1.164s] INFO:colcon.colcon_core.shell:Creating prefix util module '/home/ubuntu/source/rccar_ws/install/_local_setup_util_ps1.py'
[1.165s] INFO:colcon.colcon_core.shell:Creating prefix chain script '/home/ubuntu/source/rccar_ws/install/setup.ps1'
[1.168s] INFO:colcon.colcon_core.shell:Creating prefix script '/home/ubuntu/source/rccar_ws/install/local_setup.sh'
[1.169s] INFO:colcon.colcon_core.shell:Creating prefix util module '/home/ubuntu/source/rccar_ws/install/_local_setup_util_sh.py'
[1.170s] INFO:colcon.colcon_core.shell:Creating prefix chain script '/home/ubuntu/source/rccar_ws/install/setup.sh'
[1.172s] INFO:colcon.colcon_core.shell:Creating prefix script '/home/ubuntu/source/rccar_ws/install/local_setup.bash'
[1.173s] INFO:colcon.colcon_core.shell:Creating prefix chain script '/home/ubuntu/source/rccar_ws/install/setup.bash'
[1.175s] INFO:colcon.colcon_core.shell:Creating prefix script '/home/ubuntu/source/rccar_ws/install/local_setup.zsh'
[1.176s] INFO:colcon.colcon_core.shell:Creating prefix chain script '/home/ubuntu/source/rccar_ws/install/setup.zsh'
